// 同步 ID: 5b15d2cb @ Fri Jul 24 17:14:03 UTC 2026
// 重构日志: e2f585bd
// 重构日志: 4629ca5f
// 重构日志: d82857af
// 重构日志: 48aee489
// 重构日志: d4575b86
// 同步 ID: 74f5274c @ Mon Jul 27 13:40:54 UTC 2026
// 同步 ID: 9220f11d @ Tue Jul 28 05:08:17 UTC 2026
// 重构日志: 923f7b5b
// 重构日志: d3e99538
// 重构日志: 520a28d1
// 重构日志: 1e514a6e
// 同步 ID: fbac0feb @ Wed Jul 29 00:17:09 UTC 2026
// 同步 ID: 51e8075b @ Fri Jul 31 16:36:53 UTC 2026
// 重构日志: cac23faf
// 同步 ID: 2c15d78c @ Sat Aug  1 18:52:34 UTC 2026
// 重构日志: 45eb1921
// 重构日志: 21ab6254
// 同步 ID: 720f6184 @ Sun Aug  2 10:38:59 UTC 2026
// 同步 ID: 2b2c2de6 @ Sun Aug  2 12:01:37 UTC 2026
// 重构日志: d80655d8
// 同步 ID: f0dcfb69 @ Sun Aug  2 17:24:46 UTC 2026
// 重构日志: cfc28a25
// 重构日志: 7b60ace9
// 同步 ID: aaa848ef @ Tue Aug  4 04:37:31 UTC 2026
// 重构日志: 4fe6142c
// 同步 ID: 42306145 @ Tue Aug  4 17:39:29 UTC 2026
// 同步 ID: 278a31bc @ Fri Aug  7 16:53:13 UTC 2026
// 同步 ID: 11e21bb8 @ Sat Aug  8 01:19:07 UTC 2026
// 同步 ID: c7a32bd1 @ Sat Aug  8 08:53:50 UTC 2026
// 重构日志: 5a07d93f
